[1;34m[40-webhook-unavailable-ignore.sh][0m discovery discovery run, never evidence: discovery=yes short_windows=no
[1;34m[40-webhook-unavailable-ignore.sh][0m reset profile=webhook-unavailable cert_set=40-webhook-unavailable-ignore-20260914T190446Z-40-webhook-unavailable-ignore
No resources found
[1;34m[40-webhook-unavailable-ignore.sh][0m t_mark epoch=1789413392 utc=2026-09-14T19:16:32Z
[1;34m[40-webhook-unavailable-ignore.sh][0m tick baseline
[1;34m[40-webhook-unavailable-ignore.sh][0m tick pre-1
[1;34m[40-webhook-unavailable-ignore.sh][0m tick pre-2
[1;34m[40-webhook-unavailable-ignore.sh][0m tick pre-3
[1;34m[40-webhook-unavailable-ignore.sh][0m tick pre-4
[1;34m[40-webhook-unavailable-ignore.sh][0m tick pre-5
[1;34m[40-webhook-unavailable-ignore.sh][0m tick pre-6
[1;34m[40-webhook-unavailable-ignore.sh][0m tick pre-7
[1;34m[40-webhook-unavailable-ignore.sh][0m tick pre-8
[1;34m[40-webhook-unavailable-ignore.sh][0m tick pre-9
[1;34m[40-webhook-unavailable-ignore.sh][0m tick pre-10
[1;34m[40-webhook-unavailable-ignore.sh][0m tick pre-11
[1;34m[40-webhook-unavailable-ignore.sh][0m tick pre-12
[1;34m[40-webhook-unavailable-ignore.sh][0m tick pre-13
[1;34m[40-webhook-unavailable-ignore.sh][0m tick pre-14
[1;34m[40-webhook-unavailable-ignore.sh][0m tick pre-15
[1;34m[40-webhook-unavailable-ignore.sh][0m tick pre-16
[1;34m[40-webhook-unavailable-ignore.sh][0m tick pre-17
[1;34m[40-webhook-unavailable-ignore.sh][0m tick pre-18
[1;34m[40-webhook-unavailable-ignore.sh][0m tick fault-minus60
[1;34m[40-webhook-unavailable-ignore.sh][0m tick fault-minus10
[1;34m[40-webhook-unavailable-ignore.sh][0m fault
[1;34m[40-webhook-unavailable-ignore.sh][0m scale-backing component=proxyInjector service=linkerd-proxy-injector deployment=linkerd-proxy-injector
[1;34m[40-webhook-unavailable-ignore.sh][0m scale-down linkerd-proxy-injector -> 0 replicas (was linkerd-proxy-injector=1 )
[1;34m[40-webhook-unavailable-ignore.sh][0m tick fault-plus10
[1;34m[40-webhook-unavailable-ignore.sh][0m admission-probes post-actions
[1;34m[40-webhook-unavailable-ignore.sh][0m tick post-1
[1;34m[40-webhook-unavailable-ignore.sh][0m tick post-2
[1;34m[40-webhook-unavailable-ignore.sh][0m tick post-3
[1;34m[40-webhook-unavailable-ignore.sh][0m tick post-4
[1;34m[40-webhook-unavailable-ignore.sh][0m recover
[1;34m[40-webhook-unavailable-ignore.sh][0m scale-up restoring linkerd-proxy-injector=1
[1;34m[40-webhook-unavailable-ignore.sh][0m tick verify
[1;34m[40-webhook-unavailable-ignore.sh][0m done
[1;34m[40-webhook-unavailable-ignore.sh][0m run finished but is NOT valid evidence:
evidence_valid=no
reason=dirty harness tree, or git-state.txt missing
reason=discovery run: never evidence
reason=no valid 00-baseline-control run with harness tree 6e79250c058b15f30b8dccd03386b585d30562ad55941e9295d1c0898e27394e
[exit 0]
