2026-09-14T19:04:46Z discovery discovery run, never evidence: discovery=yes short_windows=no
2026-09-14T19:04:46Z reset profile=webhook-unavailable cert_set=40-webhook-unavailable-ignore-20260914T190446Z-40-webhook-unavailable-ignore
2026-09-14T19:06:32Z t_mark epoch=1789413392 utc=2026-09-14T19:16:32Z
2026-09-14T19:06:32Z tick baseline
2026-09-14T19:06:44Z tick pre-1
2026-09-14T19:07:14Z tick pre-2
2026-09-14T19:07:44Z tick pre-3
2026-09-14T19:08:14Z tick pre-4
2026-09-14T19:08:44Z tick pre-5
2026-09-14T19:09:14Z tick pre-6
2026-09-14T19:09:44Z tick pre-7
2026-09-14T19:10:14Z tick pre-8
2026-09-14T19:10:44Z tick pre-9
2026-09-14T19:11:14Z tick pre-10
2026-09-14T19:11:44Z tick pre-11
2026-09-14T19:12:14Z tick pre-12
2026-09-14T19:12:44Z tick pre-13
2026-09-14T19:13:14Z tick pre-14
2026-09-14T19:13:44Z tick pre-15
2026-09-14T19:14:14Z tick pre-16
2026-09-14T19:14:44Z tick pre-17
2026-09-14T19:15:14Z tick pre-18
2026-09-14T19:15:32Z tick fault-minus60
2026-09-14T19:16:22Z tick fault-minus10
2026-09-14T19:16:32Z fault
2026-09-14T19:16:33Z scale-backing component=proxyInjector service=linkerd-proxy-injector deployment=linkerd-proxy-injector
2026-09-14T19:16:33Z scale-down linkerd-proxy-injector -> 0 replicas (was linkerd-proxy-injector=1 )
2026-09-14T19:16:42Z tick fault-plus10
2026-09-14T19:17:33Z admission-probes post-actions
2026-09-14T19:17:33Z tick post-1
2026-09-14T19:18:03Z tick post-2
2026-09-14T19:18:33Z tick post-3
2026-09-14T19:19:03Z tick post-4
2026-09-14T19:19:29Z recover
2026-09-14T19:19:29Z scale-up restoring linkerd-proxy-injector=1
2026-09-14T19:19:34Z tick verify
2026-09-14T19:19:47Z done
